[backblue.gif]
[fade.gif]
[index.html]
[www.bronzeforever.net/site-storage/icon.png]
[www.bronzeforever.net/site-storage/jquery-3.6.4.min.js]
[www.bronzeforever.net/site-storage/bootstrap.min.js]
[www.bronzeforever.net/site-storage/PBF_Main_Background.jpg]
[www.bronzeforever.net/site-storage/PBF_Ticket_Server_Background.png]
[www.bronzeforever.net/site-storage/PBF_Ticket_Server.webp]
[www.bronzeforever.net/site-storage/PBF_Appeal_Server.webp]
[www.bronzeforever.net/site-storage/PBF_Generic_Background.png]
[www.bronzeforever.net/site-storage/PBF_Battle_League.webp]
[www.bronzeforever.net/site-storage/PBF_Backup_Background.webp]
[www.bronzeforever.net/site-storage/PBF_Backup.webp]
[www.bronzeforever.net/site-storage/Bloxlink_Background.png]
[www.bronzeforever.net/site-storage/Bloxlink_Icon.png]
[www.bronzeforever.net/site-storage/index.js]
[www.bronzeforever.net/index.html]
[www.bronzeforever.net/site-storage/default.css]
[www.bronzeforever.net/site-storage/index.css]
[www.bronzeforever.net/site-storage/bootstrap.min.css]
[www.bronzeforever.net/privacy.html]
[www.bronzeforever.net/site-storage/discord-hub.js]
[www.bronzeforever.net/discord-hub.html]
[www.bronzeforever.net/site-storage/login.js]
[www.bronzeforever.net/login.html]
[www.bronzeforever.net/site-storage/discord-hub.css]
[www.bronzeforever.net/site-storage/login.css]
[www.bronzeforever.net/site-storage/pbf_logo.svg]
